src/pages/dashboard/Competitor.tsx(1,8): error TS6133: 'React' is declared but its value is never read.
src/pages/dashboard/Competitor.tsx(1,85): error TS6133: 'ReactNode' is declared but its value is never read.
src/pages/dashboard/Competitor.tsx(7,3): error TS6133: 'Target' is declared but its value is never read.
src/pages/dashboard/Competitor.tsx(10,3): error TS6133: 'Users' is declared but its value is never read.
src/pages/dashboard/Competitor.tsx(13,3): error TS6133: 'ChevronRight' is declared but its value is never read.
src/pages/dashboard/Competitor.tsx(68,10): error TS6133: 'threatStyles' is declared but its value is never read.
src/pages/dashboard/Competitor.tsx(145,10): error TS6133: 'discoverMeta' is declared but its value is never read.
src/pages/dashboard/Competitor.tsx(450,204): error TS18048: 'result.metrics.comparison' is possibly 'undefined'.
src/pages/dashboard/Competitor.tsx(451,199): error TS18048: 'result.metrics.comparison' is possibly 'undefined'.
src/pages/dashboard/Competitor.tsx(456,27): error TS18048: 'result.metrics.comparison' is possibly 'undefined'.
src/pages/dashboard/ContentPlanner.tsx(1,8): error TS6133: 'React' is declared but its value is never read.
src/pages/dashboard/Forecasting.tsx(1,8): error TS6133: 'React' is declared but its value is never read.
src/pages/dashboard/Intelligence.tsx(533,9): error TS6133: 'MomentumIcon' is declared but its value is never read.
src/pages/dashboard/Strategy.tsx(1,1): error TS6133: 'React' is declared but its value is never read.
src/pages/dashboard/Strategy.tsx(99,21): error TS2322: Type 'unknown' is not assignable to type 'ReactNode'.
